    Checking metrics v0.1.0 (/workspace/data/cleanroom_work/code_seed/engine/crates/metrics)
   Compiling libsqlite3-sys v0.38.1
    Checking arrow-array v59.1.0
    Checking pubread v0.1.0 (/workspace/data/cleanroom_work/code_seed/engine/crates/pubread)
    Checking arrow-select v59.1.0
    Checking arrow-ipc v59.1.0
    Checking parquet v59.1.0
    Checking rusqlite v0.40.1
    Checking ledger v0.1.0 (/workspace/data/cleanroom_work/code_seed/engine/crates/ledger)
    Checking corpus v0.1.0 (/workspace/data/cleanroom_work/code_seed/engine/crates/corpus)
warning: constant `RAW_FIELD_COUNT` is never used
  --> crates/corpus/src/reader.rs:40:7
   |
40 | const RAW_FIELD_COUNT: usize = 9;
   |       ^^^^^^^^^^^^^^^
   |
   = note: `#[warn(dead_code)]` (part of `#[warn(unused)]`) on by default

warning: enum `SignedColumn` is never used
   --> crates/corpus/src/reader.rs:398:6
    |
398 | enum SignedColumn<'a> {
    |      ^^^^^^^^^^^^

warning: methods `is_null` and `value` are never used
   --> crates/corpus/src/reader.rs:404:8
    |
403 | impl SignedColumn<'_> {
    | --------------------- methods in this implementation
404 |     fn is_null(&self, row: usize) -> bool {
    |        ^^^^^^^
...
411 |     fn value(&self, row: usize) -> i64 {
    |        ^^^^^

warning: enum `PriceColumn` is never used
   --> crates/corpus/src/reader.rs:419:6
    |
419 | enum PriceColumn<'a> {
    |      ^^^^^^^^^^^

warning: methods `is_null` and `normalized_u6` are never used
   --> crates/corpus/src/reader.rs:425:8
    |
424 | impl PriceColumn<'_> {
    | -------------------- methods in this implementation
425 |     fn is_null(&self, row: usize) -> bool {
    |        ^^^^^^^
...
432 |     fn normalized_u6(&self, row: usize, path: &Path) -> Result<i64> {
    |        ^^^^^^^^^^^^^

warning: struct `RawBatch` is never constructed
   --> crates/corpus/src/reader.rs:442:8
    |
442 | struct RawBatch<'a> {
    |        ^^^^^^^^

warning: associated items `from_batch` and `null_pattern` are never used
   --> crates/corpus/src/reader.rs:453:8
    |
452 | impl<'a> RawBatch<'a> {
    | --------------------- associated items in this implementation
453 |     fn from_batch(batch: &'a RecordBatch, profile: SourceProfile, path: &Path) -> Result<Self> {
    |        ^^^^^^^^^^
...
488 |     fn null_pattern(&self, row: usize) -> (bool, bool) {
    |        ^^^^^^^^^^^^

warning: function `decode` is never used
   --> crates/corpus/src/reader.rs:842:4
    |
842 | fn decode(file: File, path: &Path, entry: RegistryEntry) -> Result<QuoteGroups> {
    |    ^^^^^^

warning: `corpus` (lib) generated 8 warnings
    Checking select_v2 v0.1.0 (/workspace/data/cleanroom_work/code_seed/engine/crates/select_v2)
    Checking publish v0.1.0 (/workspace/data/cleanroom_work/code_seed/engine/crates/publish)
    Checking labels v0.1.0 (/workspace/data/cleanroom_work/code_seed/engine/crates/labels)
warning: `corpus` (lib test) generated 8 warnings (8 duplicates)
    Finished `dev` profile [unoptimized + debuginfo] target(s) in 11.66s
